// Jest Snapshot v1, https://goo.gl/fbAQLP

exports[`integ snapshot validation 1`] = `
Object {
  "Outputs": Object {
    "rdsserviceHiiiClusterEndpointHostname23E68D58": Object {
      "Value": Object {
        "Fn::GetAtt": Array [
          "rdsserviceHiiiDBClusterB69C7913",
          "Endpoint.Address",
        ],
      },
    },
    "rdsserviceHiiiClusterIdentifier1CFBA021": Object {
      "Value": Object {
        "Ref": "rdsserviceHiiiDBClusterB69C7913",
      },
    },
    "rdsserviceHiiiDBSecretArn452F13D4": Object {
      "Value": Object {
        "Ref": "rdsserviceHiiiDBClusterSecretAttachment790310E7",
      },
    },
  },
  "Resources": Object {
    "Vpc8378EB38": Object {
      "Properties": Object {
        "CidrBlock": "10.0.0.0/16",
        "EnableDnsHostnames": true,
        "EnableDnsSupport": true,
        "InstanceTenancy": "default",
        "Tags": Array [
          Object {
            "Key": "Name",
            "Value": "rds-service-stack/Vpc",
          },
        ],
      },
      "Type": "AWS::EC2::VPC",
    },
    "VpcIGWD7BA715C": Object {
      "Properties": Object {
        "Tags": Array [
          Object {
            "Key": "Name",
            "Value": "rds-service-stack/Vpc",
          },
        ],
      },
      "Type": "AWS::EC2::InternetGateway",
    },
    "VpcPrivateSubnet1DefaultRouteBE02A9ED": Object {
      "Properties": Object {
        "DestinationCidrBlock": "0.0.0.0/0",
        "NatGatewayId": Object {
          "Ref": "VpcPublicSubnet1NATGateway4D7517AA",
        },
        "RouteTableId": Object {
          "Ref": "VpcPrivateSubnet1RouteTableB2C5B500",
        },
      },
      "Type": "AWS::EC2::Route",
    },
    "VpcPrivateSubnet1RouteTableAssociation70C59FA6": Object {
      "Properties": Object {
        "RouteTableId": Object {
          "Ref": "VpcPrivateSubnet1RouteTableB2C5B500",
        },
        "SubnetId": Object {
          "Ref": "VpcPrivateSubnet1Subnet536B997A",
        },
      },
      "Type": "AWS::EC2::SubnetRouteTableAssociation",
    },
    "VpcPrivateSubnet1RouteTableB2C5B500": Object {
      "Properties": Object {
        "Tags": Array [
          Object {
            "Key": "Name",
            "Value": "rds-service-stack/Vpc/PrivateSubnet1",
          },
        ],
        "VpcId": Object {
          "Ref": "Vpc8378EB38",
        },
      },
      "Type": "AWS::EC2::RouteTable",
    },
    "VpcPrivateSubnet1Subnet536B997A": Object {
      "Properties": Object {
        "AvailabilityZone": Object {
          "Fn::Select": Array [
            0,
            Object {
              "Fn::GetAZs": "",
            },
          ],
        },
        "CidrBlock": "10.0.128.0/18",
        "MapPublicIpOnLaunch": false,
        "Tags": Array [
          Object {
            "Key": "aws-cdk:subnet-name",
            "Value": "Private",
          },
          Object {
            "Key": "aws-cdk:subnet-type",
            "Value": "Private",
          },
          Object {
            "Key": "Name",
            "Value": "rds-service-stack/Vpc/PrivateSubnet1",
          },
        ],
        "VpcId": Object {
          "Ref": "Vpc8378EB38",
        },
      },
      "Type": "AWS::EC2::Subnet",
    },
    "VpcPrivateSubnet2DefaultRoute060D2087": Object {
      "Properties": Object {
        "DestinationCidrBlock": "0.0.0.0/0",
        "NatGatewayId": Object {
          "Ref": "VpcPublicSubnet1NATGateway4D7517AA",
        },
        "RouteTableId": Object {
          "Ref": "VpcPrivateSubnet2RouteTableA678073B",
        },
      },
      "Type": "AWS::EC2::Route",
    },
    "VpcPrivateSubnet2RouteTableA678073B": Object {
      "Properties": Object {
        "Tags": Array [
          Object {
            "Key": "Name",
            "Value": "rds-service-stack/Vpc/PrivateSubnet2",
          },
        ],
        "VpcId": Object {
          "Ref": "Vpc8378EB38",
        },
      },
      "Type": "AWS::EC2::RouteTable",
    },
    "VpcPrivateSubnet2RouteTableAssociationA89CAD56": Object {
      "Properties": Object {
        "RouteTableId": Object {
          "Ref": "VpcPrivateSubnet2RouteTableA678073B",
        },
        "SubnetId": Object {
          "Ref": "VpcPrivateSubnet2Subnet3788AAA1",
        },
      },
      "Type": "AWS::EC2::SubnetRouteTableAssociation",
    },
    "VpcPrivateSubnet2Subnet3788AAA1": Object {
      "Properties": Object {
        "AvailabilityZone": Object {
          "Fn::Select": Array [
            1,
            Object {
              "Fn::GetAZs": "",
            },
          ],
        },
        "CidrBlock": "10.0.192.0/18",
        "MapPublicIpOnLaunch": false,
        "Tags": Array [
          Object {
            "Key": "aws-cdk:subnet-name",
            "Value": "Private",
          },
          Object {
            "Key": "aws-cdk:subnet-type",
            "Value": "Private",
          },
          Object {
            "Key": "Name",
            "Value": "rds-service-stack/Vpc/PrivateSubnet2",
          },
        ],
        "VpcId": Object {
          "Ref": "Vpc8378EB38",
        },
      },
      "Type": "AWS::EC2::Subnet",
    },
    "VpcPublicSubnet1DefaultRoute3DA9E72A": Object {
      "DependsOn": Array [
        "VpcVPCGWBF912B6E",
      ],
      "Properties": Object {
        "DestinationCidrBlock": "0.0.0.0/0",
        "GatewayId": Object {
          "Ref": "VpcIGWD7BA715C",
        },
        "RouteTableId": Object {
          "Ref": "VpcPublicSubnet1RouteTable6C95E38E",
        },
      },
      "Type": "AWS::EC2::Route",
    },
    "VpcPublicSubnet1EIPD7E02669": Object {
      "Properties": Object {
        "Domain": "vpc",
        "Tags": Array [
          Object {
            "Key": "Name",
            "Value": "rds-service-stack/Vpc/PublicSubnet1",
          },
        ],
      },
      "Type": "AWS::EC2::EIP",
    },
    "VpcPublicSubnet1NATGateway4D7517AA": Object {
      "Properties": Object {
        "AllocationId": Object {
          "Fn::GetAtt": Array [
            "VpcPublicSubnet1EIPD7E02669",
            "AllocationId",
          ],
        },
        "SubnetId": Object {
          "Ref": "VpcPublicSubnet1Subnet5C2D37C4",
        },
        "Tags": Array [
          Object {
            "Key": "Name",
            "Value": "rds-service-stack/Vpc/PublicSubnet1",
          },
        ],
      },
      "Type": "AWS::EC2::NatGateway",
    },
    "VpcPublicSubnet1RouteTable6C95E38E": Object {
      "Properties": Object {
        "Tags": Array [
          Object {
            "Key": "Name",
            "Value": "rds-service-stack/Vpc/PublicSubnet1",
          },
        ],
        "VpcId": Object {
          "Ref": "Vpc8378EB38",
        },
      },
      "Type": "AWS::EC2::RouteTable",
    },
    "VpcPublicSubnet1RouteTableAssociation97140677": Object {
      "Properties": Object {
        "RouteTableId": Object {
          "Ref": "VpcPublicSubnet1RouteTable6C95E38E",
        },
        "SubnetId": Object {
          "Ref": "VpcPublicSubnet1Subnet5C2D37C4",
        },
      },
      "Type": "AWS::EC2::SubnetRouteTableAssociation",
    },
    "VpcPublicSubnet1Subnet5C2D37C4": Object {
      "Properties": Object {
        "AvailabilityZone": Object {
          "Fn::Select": Array [
            0,
            Object {
              "Fn::GetAZs": "",
            },
          ],
        },
        "CidrBlock": "10.0.0.0/18",
        "MapPublicIpOnLaunch": true,
        "Tags": Array [
          Object {
            "Key": "aws-cdk:subnet-name",
            "Value": "Public",
          },
          Object {
            "Key": "aws-cdk:subnet-type",
            "Value": "Public",
          },
          Object {
            "Key": "Name",
            "Value": "rds-service-stack/Vpc/PublicSubnet1",
          },
        ],
        "VpcId": Object {
          "Ref": "Vpc8378EB38",
        },
      },
      "Type": "AWS::EC2::Subnet",
    },
    "VpcPublicSubnet2DefaultRoute97F91067": Object {
      "DependsOn": Array [
        "VpcVPCGWBF912B6E",
      ],
      "Properties": Object {
        "DestinationCidrBlock": "0.0.0.0/0",
        "GatewayId": Object {
          "Ref": "VpcIGWD7BA715C",
        },
        "RouteTableId": Object {
          "Ref": "VpcPublicSubnet2RouteTable94F7E489",
        },
      },
      "Type": "AWS::EC2::Route",
    },
    "VpcPublicSubnet2RouteTable94F7E489": Object {
      "Properties": Object {
        "Tags": Array [
          Object {
            "Key": "Name",
            "Value": "rds-service-stack/Vpc/PublicSubnet2",
          },
        ],
        "VpcId": Object {
          "Ref": "Vpc8378EB38",
        },
      },
      "Type": "AWS::EC2::RouteTable",
    },
    "VpcPublicSubnet2RouteTableAssociationDD5762D8": Object {
      "Properties": Object {
        "RouteTableId": Object {
          "Ref": "VpcPublicSubnet2RouteTable94F7E489",
        },
        "SubnetId": Object {
          "Ref": "VpcPublicSubnet2Subnet691E08A3",
        },
      },
      "Type": "AWS::EC2::SubnetRouteTableAssociation",
    },
    "VpcPublicSubnet2Subnet691E08A3": Object {
      "Properties": Object {
        "AvailabilityZone": Object {
          "Fn::Select": Array [
            1,
            Object {
              "Fn::GetAZs": "",
            },
          ],
        },
        "CidrBlock": "10.0.64.0/18",
        "MapPublicIpOnLaunch": true,
        "Tags": Array [
          Object {
            "Key": "aws-cdk:subnet-name",
            "Value": "Public",
          },
          Object {
            "Key": "aws-cdk:subnet-type",
            "Value": "Public",
          },
          Object {
            "Key": "Name",
            "Value": "rds-service-stack/Vpc/PublicSubnet2",
          },
        ],
        "VpcId": Object {
          "Ref": "Vpc8378EB38",
        },
      },
      "Type": "AWS::EC2::Subnet",
    },
    "VpcVPCGWBF912B6E": Object {
      "Properties": Object {
        "InternetGatewayId": Object {
          "Ref": "VpcIGWD7BA715C",
        },
        "VpcId": Object {
          "Ref": "Vpc8378EB38",
        },
      },
      "Type": "AWS::EC2::VPCGatewayAttachment",
    },
    "rdsserviceHiiiDBClusterB69C7913": Object {
      "DeletionPolicy": "Delete",
      "Properties": Object {
        "CopyTagsToSnapshot": true,
        "DBClusterParameterGroupName": "default.aurora-mysql5.7",
        "DBSubnetGroupName": Object {
          "Ref": "rdsserviceHiiiDBClusterSubnets64309C99",
        },
        "DatabaseName": "hiii_default",
        "Engine": "aurora-mysql",
        "EngineVersion": "5.7.mysql_aurora.2.08.1",
        "MasterUserPassword": Object {
          "Fn::Join": Array [
            "",
            Array [
              "{{resolve:secretsmanager:",
              Object {
                "Ref": "rdsservicestackrdsserviceHiiiDBClusterSecret02AB9A6B3fdaad7efa858a3daf9490cf0a702aeb",
              },
              ":SecretString:password::}}",
            ],
          ],
        },
        "MasterUsername": "hiii",
        "VpcSecurityGroupIds": Array [
          Object {
            "Fn::GetAtt": Array [
              "rdsservicesecuritygrouppct8BDDDFDD",
              "GroupId",
            ],
          },
        ],
      },
      "Type": "AWS::RDS::DBCluster",
      "UpdateReplacePolicy": "Delete",
    },
    "rdsserviceHiiiDBClusterInstance1006673B7": Object {
      "DeletionPolicy": "Delete",
      "DependsOn": Array [
        "VpcPublicSubnet1DefaultRoute3DA9E72A",
        "VpcPublicSubnet2DefaultRoute97F91067",
      ],
      "Properties": Object {
        "DBClusterIdentifier": Object {
          "Ref": "rdsserviceHiiiDBClusterB69C7913",
        },
        "DBInstanceClass": "db.t3.small",
        "DBSubnetGroupName": Object {
          "Ref": "rdsserviceHiiiDBClusterSubnets64309C99",
        },
        "Engine": "aurora-mysql",
        "EngineVersion": "5.7.mysql_aurora.2.08.1",
        "PubliclyAccessible": true,
      },
      "Type": "AWS::RDS::DBInstance",
      "UpdateReplacePolicy": "Delete",
    },
    "rdsserviceHiiiDBClusterInstance28298282F": Object {
      "DeletionPolicy": "Delete",
      "DependsOn": Array [
        "VpcPublicSubnet1DefaultRoute3DA9E72A",
        "VpcPublicSubnet2DefaultRoute97F91067",
      ],
      "Properties": Object {
        "DBClusterIdentifier": Object {
          "Ref": "rdsserviceHiiiDBClusterB69C7913",
        },
        "DBInstanceClass": "db.t3.small",
        "DBSubnetGroupName": Object {
          "Ref": "rdsserviceHiiiDBClusterSubnets64309C99",
        },
        "Engine": "aurora-mysql",
        "EngineVersion": "5.7.mysql_aurora.2.08.1",
        "PubliclyAccessible": true,
      },
      "Type": "AWS::RDS::DBInstance",
      "UpdateReplacePolicy": "Delete",
    },
    "rdsserviceHiiiDBClusterSecretAttachment790310E7": Object {
      "Properties": Object {
        "SecretId": Object {
          "Ref": "rdsservicestackrdsserviceHiiiDBClusterSecret02AB9A6B3fdaad7efa858a3daf9490cf0a702aeb",
        },
        "TargetId": Object {
          "Ref": "rdsserviceHiiiDBClusterB69C7913",
        },
        "TargetType": "AWS::RDS::DBCluster",
      },
      "Type": "AWS::SecretsManager::SecretTargetAttachment",
    },
    "rdsserviceHiiiDBClusterSubnets64309C99": Object {
      "Properties": Object {
        "DBSubnetGroupDescription": "Subnets for HiiiDBCluster database",
        "SubnetIds": Array [
          Object {
            "Ref": "VpcPublicSubnet1Subnet5C2D37C4",
          },
          Object {
            "Ref": "VpcPublicSubnet2Subnet691E08A3",
          },
        ],
      },
      "Type": "AWS::RDS::DBSubnetGroup",
    },
    "rdsservicesecuritygrouppct8BDDDFDD": Object {
      "Properties": Object {
        "GroupDescription": "RDS Security Group Default",
        "SecurityGroupEgress": Array [
          Object {
            "CidrIp": "0.0.0.0/0",
            "Description": "DB to anywhere",
            "FromPort": 3306,
            "IpProtocol": "tcp",
            "ToPort": 3306,
          },
        ],
        "SecurityGroupIngress": Array [
          Object {
            "CidrIp": "0.0.0.0/0",
            "Description": "DB from anywhere",
            "FromPort": 3306,
            "IpProtocol": "tcp",
            "ToPort": 3306,
          },
        ],
        "VpcId": Object {
          "Ref": "Vpc8378EB38",
        },
      },
      "Type": "AWS::EC2::SecurityGroup",
    },
    "rdsservicestackrdsserviceHiiiDBClusterSecret02AB9A6B3fdaad7efa858a3daf9490cf0a702aeb": Object {
      "Properties": Object {
        "Description": Object {
          "Fn::Join": Array [
            "",
            Array [
              "Generated by the CDK for stack: ",
              Object {
                "Ref": "AWS::StackName",
              },
            ],
          ],
        },
        "GenerateSecretString": Object {
          "ExcludeCharacters": " %+~\`#$&*()|[]{}:;<>?!'/@\\"\\\\",
          "GenerateStringKey": "password",
          "PasswordLength": 30,
          "SecretStringTemplate": "{\\"username\\":\\"hiii\\"}",
        },
      },
      "Type": "AWS::SecretsManager::Secret",
    },
  },
}
`;
